=== Parser Output (AST) ===
Source File: test.ec

Parsing Status: SUCCESS

NODE_PROGRAM (line: 0, col: 0)
  NODE_GLOBALS
    NODE_VAR_DECL (name: "pi", type: "number", const: 1) (line: 90, col: 15)
      INIT_EXPR
        NODE_LITERAL (value: 3.141590) (line: 90, col: 25)
    NODE_VAR_DECL (name: "global_x", type: "number", const: 0) (line: 91, col: 15)
      INIT_EXPR
        NODE_LITERAL (value: 10) (line: 91, col: 20)
    NODE_FUNC_DECL (name: "add", return_type: "number") (line: 93, col: 6)
      NODE_PARAM_LIST (line: 0, col: 0)
        PARAM (type: "number", name: "a")
        PARAM (type: "number", name: "b")
      NODE_BLOCK (line: 93, col: 31)
        NODE_RETURN_STMT (line: 94, col: 10)
          NODE_BINARY_EXPR (op: +) (line: 94, col: 13)
            NODE_IDENTIFIER (name: "a") (line: 94, col: 12)
            NODE_IDENTIFIER (name: "b") (line: 94, col: 16)
    NODE_FUNC_DECL (name: "square", return_type: "number") (line: 97, col: 6)
      NODE_PARAM_LIST (line: 0, col: 0)
        PARAM (type: "number", name: "x")
      NODE_BLOCK (line: 97, col: 24)
        NODE_RETURN_STMT (line: 98, col: 10)
          NODE_BINARY_EXPR (op: *) (line: 98, col: 13)
            NODE_IDENTIFIER (name: "x") (line: 98, col: 12)
            NODE_IDENTIFIER (name: "x") (line: 98, col: 16)
    NODE_FUNC_DECL (name: "factorial", return_type: "number") (line: 101, col: 6)
      NODE_PARAM_LIST (line: 0, col: 0)
        PARAM (type: "number", name: "n")
      NODE_BLOCK (line: 101, col: 27)
        NODE_COND_STMT (line: 102, col: 6)
          CONDITION
            NODE_BINARY_EXPR (op: <=) (line: 102, col: 10)
              NODE_IDENTIFIER (name: "n") (line: 102, col: 9)
              NODE_LITERAL (value: 1) (line: 102, col: 14)
          THEN_BODY
            NODE_RETURN_STMT (line: 102, col: 22)
              NODE_LITERAL (value: 1) (line: 102, col: 24)
          ELSE_BODY
            NODE_RETURN_STMT (line: 103, col: 15)
              NODE_BINARY_EXPR (op: *) (line: 103, col: 18)
                NODE_IDENTIFIER (name: "n") (line: 103, col: 17)
                NODE_FUNC_CALL (func: "factorial", args: 1) (line: 103, col: 29)
                  NODE_BINARY_EXPR (op: -) (line: 103, col: 32)
                    NODE_IDENTIFIER (name: "n") (line: 103, col: 31)
                    NODE_LITERAL (value: 1) (line: 103, col: 35)
    NODE_FUNC_DECL (name: "sum3", return_type: "number") (line: 106, col: 6)
      NODE_PARAM_LIST (line: 0, col: 0)
        PARAM (type: "number", name: "a")
        PARAM (type: "number", name: "b")
        PARAM (type: "number", name: "c")
      NODE_BLOCK (line: 106, col: 42)
        NODE_RETURN_STMT (line: 107, col: 10)
          NODE_BINARY_EXPR (op: +) (line: 107, col: 17)
            NODE_BINARY_EXPR (op: +) (line: 107, col: 13)
              NODE_IDENTIFIER (name: "a") (line: 107, col: 12)
              NODE_IDENTIFIER (name: "b") (line: 107, col: 16)
            NODE_IDENTIFIER (name: "c") (line: 107, col: 20)
  NODE_MAIN
    NODE_STATEMENT_LIST (line: 0, col: 0)
      NODE_OUTPUT_STMT (line: 116, col: 8)
        NODE_LITERAL (value: 42) (line: 116, col: 11)
      NODE_OUTPUT_STMT (line: 117, col: 8)
        NODE_LITERAL (value: 3.140000) (line: 117, col: 13)
      NODE_OUTPUT_STMT (line: 118, col: 8)
        NODE_LITERAL (value: "hello") (line: 118, col: 15)
      NODE_OUTPUT_STMT (line: 119, col: 8)
        NODE_LITERAL (value: 's') (line: 119, col: 12)
      NODE_OUTPUT_STMT (line: 120, col: 8)
        NODE_LITERAL (value: true) (line: 120, col: 13)
      NODE_OUTPUT_STMT (line: 121, col: 8)
        NODE_LITERAL (value: false) (line: 121, col: 14)
      NODE_OUTPUT_STMT (line: 122, col: 8)
        NODE_LITERAL (value: null) (line: 122, col: 13)
      NODE_VAR_DECL (name: "x", type: "number", const: 0) (line: 125, col: 12)
        INIT_EXPR
          NODE_LITERAL (value: 5) (line: 125, col: 16)
      NODE_VAR_DECL (name: "y", type: "decimal", const: 0) (line: 126, col: 13)
        INIT_EXPR
          NODE_LITERAL (value: 2.500000) (line: 126, col: 19)
      NODE_VAR_DECL (name: "c", type: "letter", const: 0) (line: 127, col: 12)
        INIT_EXPR
          NODE_LITERAL (value: '1') (line: 127, col: 18)
      NODE_VAR_DECL (name: "flag", type: "bool", const: 0) (line: 128, col: 13)
        INIT_EXPR
          NODE_LITERAL (value: true) (line: 128, col: 20)
      NODE_OUTPUT_STMT (line: 130, col: 8)
        NODE_IDENTIFIER (name: "x") (line: 130, col: 10)
      NODE_ASSIGN_STMT (var: "x", op: +=) (line: 131, col: 5)
        NODE_LITERAL (value: 3) (line: 131, col: 10)
      NODE_OUTPUT_STMT (line: 132, col: 8)
        NODE_IDENTIFIER (name: "x") (line: 132, col: 10)
      NODE_ASSIGN_STMT (var: "x", op: -=) (line: 134, col: 5)
        NODE_LITERAL (value: 2) (line: 134, col: 10)
      NODE_OUTPUT_STMT (line: 135, col: 8)
        NODE_IDENTIFIER (name: "x") (line: 135, col: 10)
      NODE_ASSIGN_STMT (var: "x", op: *=) (line: 137, col: 5)
        NODE_LITERAL (value: 4) (line: 137, col: 10)
      NODE_OUTPUT_STMT (line: 138, col: 8)
        NODE_IDENTIFIER (name: "x") (line: 138, col: 10)
      NODE_ASSIGN_STMT (var: "x", op: /=) (line: 140, col: 5)
        NODE_LITERAL (value: 2) (line: 140, col: 10)
      NODE_OUTPUT_STMT (line: 141, col: 8)
        NODE_IDENTIFIER (name: "x") (line: 141, col: 10)
      NODE_ASSIGN_STMT (var: "x", op: %=) (line: 143, col: 5)
        NODE_LITERAL (value: 5) (line: 143, col: 10)
      NODE_OUTPUT_STMT (line: 144, col: 8)
        NODE_IDENTIFIER (name: "x") (line: 144, col: 10)
      NODE_OUTPUT_STMT (line: 147, col: 8)
        NODE_BINARY_EXPR (op: +) (line: 147, col: 11)
          NODE_LITERAL (value: 2) (line: 147, col: 10)
          NODE_LITERAL (value: 3) (line: 147, col: 14)
      NODE_OUTPUT_STMT (line: 148, col: 8)
        NODE_BINARY_EXPR (op: -) (line: 148, col: 12)
          NODE_LITERAL (value: 10) (line: 148, col: 11)
          NODE_LITERAL (value: 4) (line: 148, col: 15)
      NODE_OUTPUT_STMT (line: 149, col: 8)
        NODE_BINARY_EXPR (op: *) (line: 149, col: 11)
          NODE_LITERAL (value: 5) (line: 149, col: 10)
          NODE_LITERAL (value: 6) (line: 149, col: 14)
      NODE_OUTPUT_STMT (line: 150, col: 8)
        NODE_BINARY_EXPR (op: /) (line: 150, col: 12)
          NODE_LITERAL (value: 20) (line: 150, col: 11)
          NODE_LITERAL (value: 4) (line: 150, col: 15)
      NODE_OUTPUT_STMT (line: 151, col: 8)
        NODE_BINARY_EXPR (op: ~) (line: 151, col: 12)
          NODE_LITERAL (value: 20) (line: 151, col: 11)
          NODE_LITERAL (value: 3) (line: 151, col: 15)
      NODE_OUTPUT_STMT (line: 152, col: 8)
        NODE_BINARY_EXPR (op: %) (line: 152, col: 12)
          NODE_LITERAL (value: 10) (line: 152, col: 11)
          NODE_LITERAL (value: 3) (line: 152, col: 15)
      NODE_OUTPUT_STMT (line: 154, col: 8)
        NODE_BINARY_EXPR (op: +) (line: 154, col: 11)
          NODE_LITERAL (value: 2) (line: 154, col: 10)
          NODE_BINARY_EXPR (op: *) (line: 154, col: 15)
            NODE_LITERAL (value: 3) (line: 154, col: 14)
            NODE_LITERAL (value: 4) (line: 154, col: 18)
      NODE_OUTPUT_STMT (line: 155, col: 8)
        NODE_BINARY_EXPR (op: +) (line: 155, col: 15)
          NODE_BINARY_EXPR (op: *) (line: 155, col: 11)
            NODE_LITERAL (value: 2) (line: 155, col: 10)
            NODE_LITERAL (value: 3) (line: 155, col: 14)
          NODE_LITERAL (value: 4) (line: 155, col: 18)
      NODE_OUTPUT_STMT (line: 156, col: 8)
        NODE_BINARY_EXPR (op: *) (line: 156, col: 11)
          NODE_LITERAL (value: 2) (line: 156, col: 10)
          NODE_BINARY_EXPR (op: ^) (line: 156, col: 15)
            NODE_LITERAL (value: 3) (line: 156, col: 14)
            NODE_LITERAL (value: 2) (line: 156, col: 18)
      NODE_OUTPUT_STMT (line: 157, col: 8)
        NODE_BINARY_EXPR (op: -) (line: 157, col: 23)
          NODE_BINARY_EXPR (op: +) (line: 157, col: 11)
            NODE_LITERAL (value: 2) (line: 157, col: 10)
            NODE_BINARY_EXPR (op: *) (line: 157, col: 15)
              NODE_LITERAL (value: 3) (line: 157, col: 14)
              NODE_BINARY_EXPR (op: ^) (line: 157, col: 19)
                NODE_LITERAL (value: 4) (line: 157, col: 18)
                NODE_LITERAL (value: 2) (line: 157, col: 22)
          NODE_LITERAL (value: 1) (line: 157, col: 26)
      NODE_OUTPUT_STMT (line: 160, col: 8)
        NODE_UNARY_EXPR (op: -) (line: 160, col: 9)
          NODE_LITERAL (value: 5) (line: 160, col: 11)
      NODE_OUTPUT_STMT (line: 161, col: 8)
        NODE_UNARY_EXPR (op: +) (line: 161, col: 9)
          NODE_LITERAL (value: 5) (line: 161, col: 11)
      NODE_OUTPUT_STMT (line: 162, col: 8)
        NODE_UNARY_EXPR (op: !) (line: 162, col: 9)
          NODE_LITERAL (value: true) (line: 162, col: 14)
      NODE_OUTPUT_STMT (line: 163, col: 8)
        NODE_UNARY_EXPR (op: -) (line: 163, col: 9)
          NODE_UNARY_EXPR (op: -) (line: 163, col: 10)
            NODE_LITERAL (value: 5) (line: 163, col: 12)
      NODE_OUTPUT_STMT (line: 164, col: 8)
        NODE_UNARY_EXPR (op: -) (line: 164, col: 9)
          NODE_BINARY_EXPR (op: +) (line: 164, col: 13)
            NODE_LITERAL (value: 5) (line: 164, col: 12)
            NODE_LITERAL (value: 3) (line: 164, col: 16)
      NODE_OUTPUT_STMT (line: 167, col: 8)
        NODE_BINARY_EXPR (op: ==) (line: 167, col: 11)
          NODE_LITERAL (value: 5) (line: 167, col: 10)
          NODE_LITERAL (value: 5) (line: 167, col: 15)
      NODE_OUTPUT_STMT (line: 168, col: 8)
        NODE_BINARY_EXPR (op: !=) (line: 168, col: 11)
          NODE_LITERAL (value: 5) (line: 168, col: 10)
          NODE_LITERAL (value: 3) (line: 168, col: 15)
      NODE_OUTPUT_STMT (line: 169, col: 8)
        NODE_BINARY_EXPR (op: >) (line: 169, col: 12)
          NODE_LITERAL (value: 10) (line: 169, col: 11)
          NODE_LITERAL (value: 5) (line: 169, col: 15)
      NODE_OUTPUT_STMT (line: 170, col: 8)
        NODE_BINARY_EXPR (op: <) (line: 170, col: 11)
          NODE_LITERAL (value: 3) (line: 170, col: 10)
          NODE_LITERAL (value: 10) (line: 170, col: 15)
      NODE_OUTPUT_STMT (line: 171, col: 8)
        NODE_BINARY_EXPR (op: >=) (line: 171, col: 12)
          NODE_LITERAL (value: 10) (line: 171, col: 11)
          NODE_LITERAL (value: 10) (line: 171, col: 17)
      NODE_OUTPUT_STMT (line: 172, col: 8)
        NODE_BINARY_EXPR (op: <=) (line: 172, col: 11)
          NODE_LITERAL (value: 5) (line: 172, col: 10)
          NODE_LITERAL (value: 10) (line: 172, col: 16)
      NODE_OUTPUT_STMT (line: 173, col: 8)
        NODE_BINARY_EXPR (op: >) (line: 173, col: 15)
          NODE_BINARY_EXPR (op: +) (line: 173, col: 11)
            NODE_LITERAL (value: 5) (line: 173, col: 10)
            NODE_LITERAL (value: 3) (line: 173, col: 14)
          NODE_LITERAL (value: 2) (line: 173, col: 18)
      NODE_OUTPUT_STMT (line: 177, col: 8)
        NODE_BINARY_EXPR (op: ||) (line: 177, col: 14)
          NODE_LITERAL (value: true) (line: 177, col: 13)
          NODE_LITERAL (value: false) (line: 177, col: 22)
      NODE_OUTPUT_STMT (line: 178, col: 8)
        NODE_UNARY_EXPR (op: !) (line: 178, col: 9)
          NODE_LITERAL (value: false) (line: 178, col: 15)
      NODE_OUTPUT_STMT (line: 179, col: 8)
        NODE_BINARY_EXPR (op: ||) (line: 179, col: 14)
          NODE_LITERAL (value: true) (line: 179, col: 13)
          NODE_BINARY_EXPR (op: &&) (line: 179, col: 23)
            NODE_LITERAL (value: false) (line: 179, col: 22)
            NODE_LITERAL (value: false) (line: 179, col: 31)
      NODE_OUTPUT_STMT (line: 180, col: 8)
        NODE_BINARY_EXPR (op: &&) (line: 180, col: 15)
          NODE_UNARY_EXPR (op: !) (line: 180, col: 9)
            NODE_LITERAL (value: true) (line: 180, col: 14)
          NODE_LITERAL (value: true) (line: 180, col: 22)
      NODE_OUTPUT_STMT (line: 181, col: 8)
        NODE_BINARY_EXPR (op: &&) (line: 181, col: 15)
          NODE_BINARY_EXPR (op: >) (line: 181, col: 11)
            NODE_LITERAL (value: 5) (line: 181, col: 10)
            NODE_LITERAL (value: 3) (line: 181, col: 14)
          NODE_BINARY_EXPR (op: <) (line: 181, col: 20)
            NODE_LITERAL (value: 2) (line: 181, col: 19)
            NODE_LITERAL (value: 4) (line: 181, col: 23)
      NODE_OUTPUT_STMT (line: 182, col: 8)
        NODE_BINARY_EXPR (op: ||) (line: 182, col: 24)
          NODE_BINARY_EXPR (op: &&) (line: 182, col: 15)
            NODE_BINARY_EXPR (op: >) (line: 182, col: 11)
              NODE_LITERAL (value: 5) (line: 182, col: 10)
              NODE_LITERAL (value: 3) (line: 182, col: 14)
            NODE_BINARY_EXPR (op: <) (line: 182, col: 20)
              NODE_LITERAL (value: 2) (line: 182, col: 19)
              NODE_LITERAL (value: 4) (line: 182, col: 23)
          NODE_UNARY_EXPR (op: !) (line: 182, col: 27)
            NODE_LITERAL (value: true) (line: 182, col: 32)
      NODE_OUTPUT_STMT (line: 183, col: 8)
        NODE_BINARY_EXPR (op: &&) (line: 183, col: 25)
          NODE_BINARY_EXPR (op: ||) (line: 183, col: 15)
            NODE_LITERAL (value: true) (line: 183, col: 14)
            NODE_LITERAL (value: false) (line: 183, col: 23)
          NODE_LITERAL (value: true) (line: 183, col: 32)
      NODE_OUTPUT_STMT (line: 186, col: 8)
        NODE_IDENTIFIER (name: "x") (line: 186, col: 10)
      NODE_OUTPUT_STMT (line: 187, col: 8)
        NODE_IDENTIFIER (name: "global_x") (line: 187, col: 17)
      NODE_OUTPUT_STMT (line: 188, col: 8)
        NODE_IDENTIFIER (name: "pi") (line: 188, col: 11)
      NODE_OUTPUT_STMT (line: 189, col: 8)
        NODE_BINARY_EXPR (op: +) (line: 189, col: 11)
          NODE_LITERAL (value: 5) (line: 189, col: 10)
          NODE_BINARY_EXPR (op: *) (line: 189, col: 15)
            NODE_LITERAL (value: 3) (line: 189, col: 14)
            NODE_LITERAL (value: 2) (line: 189, col: 18)
      NODE_OUTPUT_STMT (line: 190, col: 8)
        NODE_LITERAL (value: "Value of x:") (line: 190, col: 21)
      NODE_OUTPUT_STMT (line: 191, col: 8)
        NODE_IDENTIFIER (name: "x") (line: 191, col: 10)
      NODE_INPUT_STMT (var: "hello", type: "number") (line: 194, col: 15)
      NODE_INPUT_STMT (var: "hello", type: "decimal") (line: 195, col: 15)
      NODE_INPUT_STMT (var: "hello", type: "letter") (line: 196, col: 15)
      NODE_INPUT_STMT (var: "hello", type: "bool") (line: 197, col: 15)
      NODE_COND_STMT (line: 200, col: 6)
        CONDITION
          NODE_BINARY_EXPR (op: >) (line: 200, col: 10)
            NODE_IDENTIFIER (name: "x") (line: 200, col: 9)
            NODE_LITERAL (value: 5) (line: 200, col: 13)
        THEN_BODY
          NODE_BLOCK (line: 200, col: 15)
            NODE_OUTPUT_STMT (line: 201, col: 12)
              NODE_LITERAL (value: "x > 5") (line: 201, col: 19)
        ELSE_BODY
          NODE_BLOCK (line: 202, col: 11)
            NODE_OUTPUT_STMT (line: 203, col: 12)
              NODE_LITERAL (value: "x <= 5") (line: 203, col: 20)
      NODE_COND_STMT (line: 206, col: 6)
        CONDITION
          NODE_BINARY_EXPR (op: &&) (line: 206, col: 14)
            NODE_BINARY_EXPR (op: >) (line: 206, col: 10)
              NODE_LITERAL (value: 5) (line: 206, col: 9)
              NODE_LITERAL (value: 3) (line: 206, col: 13)
            NODE_BINARY_EXPR (op: <) (line: 206, col: 19)
              NODE_LITERAL (value: 2) (line: 206, col: 18)
              NODE_LITERAL (value: 4) (line: 206, col: 22)
        THEN_BODY
          NODE_BLOCK (line: 206, col: 24)
            NODE_OUTPUT_STMT (line: 207, col: 12)
              NODE_LITERAL (value: "complex condition true") (line: 207, col: 36)
      NODE_COND_STMT (line: 210, col: 6)
        CONDITION
          NODE_BINARY_EXPR (op: ==) (line: 210, col: 10)
            NODE_IDENTIFIER (name: "x") (line: 210, col: 9)
            NODE_LITERAL (value: 1) (line: 210, col: 14)
        THEN_BODY
          NODE_BLOCK (line: 210, col: 16)
            NODE_OUTPUT_STMT (line: 211, col: 12)
              NODE_LITERAL (value: 1) (line: 211, col: 14)
        ELSE_BODY
          NODE_COND_STMT (line: 212, col: 13)
            CONDITION
              NODE_BINARY_EXPR (op: ==) (line: 212, col: 17)
                NODE_IDENTIFIER (name: "x") (line: 212, col: 16)
                NODE_LITERAL (value: 2) (line: 212, col: 21)
            THEN_BODY
              NODE_BLOCK (line: 212, col: 23)
                NODE_OUTPUT_STMT (line: 213, col: 12)
                  NODE_LITERAL (value: 2) (line: 213, col: 14)
            ELSE_BODY
              NODE_BLOCK (line: 214, col: 11)
                NODE_OUTPUT_STMT (line: 215, col: 12)
                  NODE_LITERAL (value: 3) (line: 215, col: 14)
      NODE_COND_STMT (line: 218, col: 6)
        CONDITION
          NODE_LITERAL (value: true) (line: 218, col: 12)
        THEN_BODY
          NODE_BLOCK (line: 218, col: 14)
            NODE_OUTPUT_STMT (line: 219, col: 12)
              NODE_LITERAL (value: "block if works") (line: 219, col: 28)
      NODE_COND_STMT (line: 222, col: 6)
        CONDITION
          NODE_LITERAL (value: true) (line: 222, col: 12)
        THEN_BODY
          NODE_OUTPUT_STMT (line: 222, col: 18)
            NODE_LITERAL (value: "single statement if") (line: 222, col: 39)
      NODE_ITER_STMT (line: 225, col: 10)
        INIT
          NODE_VAR_DECL (name: "i", type: "number", const: 0) (line: 225, col: 19)
            INIT_EXPR
              NODE_LITERAL (value: 0) (line: 225, col: 23)
        CONDITION
          NODE_BINARY_EXPR (op: <) (line: 225, col: 27)
            NODE_IDENTIFIER (name: "i") (line: 225, col: 26)
            NODE_LITERAL (value: 3) (line: 225, col: 30)
        INCREMENT
          NODE_ASSIGN_STMT (var: "i", op: +=) (line: 225, col: 33)
            NODE_LITERAL (value: 1) (line: 225, col: 38)
        BODY
          NODE_BLOCK (line: 225, col: 40)
            NODE_OUTPUT_STMT (line: 226, col: 12)
              NODE_IDENTIFIER (name: "i") (line: 226, col: 14)
      NODE_VAR_DECL (name: "j", type: "number", const: 0) (line: 229, col: 12)
        INIT_EXPR
          NODE_LITERAL (value: 0) (line: 229, col: 16)
      NODE_ITER_STMT (line: 230, col: 10)
        INIT
          NODE_ASSIGN_STMT (var: "j", op: =) (line: 230, col: 12)
            NODE_LITERAL (value: 0) (line: 230, col: 16)
        CONDITION
          NODE_BINARY_EXPR (op: <) (line: 230, col: 20)
            NODE_IDENTIFIER (name: "j") (line: 230, col: 19)
            NODE_LITERAL (value: 3) (line: 230, col: 23)
        INCREMENT
          NODE_ASSIGN_STMT (var: "j", op: +=) (line: 230, col: 26)
            NODE_LITERAL (value: 1) (line: 230, col: 31)
        BODY
          NODE_BLOCK (line: 230, col: 33)
            NODE_OUTPUT_STMT (line: 231, col: 12)
              NODE_IDENTIFIER (name: "j") (line: 231, col: 14)
      NODE_ITER_STMT (line: 234, col: 10)
        INIT
          NODE_VAR_DECL (name: "k", type: "number", const: 0) (line: 234, col: 19)
            INIT_EXPR
              NODE_LITERAL (value: 0) (line: 234, col: 23)
        CONDITION
          NODE_BINARY_EXPR (op: &&) (line: 234, col: 31)
            NODE_BINARY_EXPR (op: <) (line: 234, col: 27)
              NODE_IDENTIFIER (name: "k") (line: 234, col: 26)
              NODE_LITERAL (value: 5) (line: 234, col: 30)
            NODE_BINARY_EXPR (op: !=) (line: 234, col: 36)
              NODE_IDENTIFIER (name: "k") (line: 234, col: 35)
              NODE_LITERAL (value: 3) (line: 234, col: 40)
        INCREMENT
          NODE_ASSIGN_STMT (var: "k", op: +=) (line: 234, col: 43)
            NODE_LITERAL (value: 1) (line: 234, col: 48)
        BODY
          NODE_BLOCK (line: 234, col: 50)
            NODE_OUTPUT_STMT (line: 235, col: 12)
              NODE_IDENTIFIER (name: "k") (line: 235, col: 14)
      NODE_ITER_STMT (line: 238, col: 10)
        INIT
          NODE_VAR_DECL (name: "a", type: "number", const: 0) (line: 238, col: 19)
            INIT_EXPR
              NODE_LITERAL (value: 0) (line: 238, col: 23)
        CONDITION
          NODE_BINARY_EXPR (op: <) (line: 238, col: 27)
            NODE_IDENTIFIER (name: "a") (line: 238, col: 26)
            NODE_LITERAL (value: 2) (line: 238, col: 30)
        INCREMENT
          NODE_ASSIGN_STMT (var: "a", op: +=) (line: 238, col: 33)
            NODE_LITERAL (value: 1) (line: 238, col: 38)
        BODY
          NODE_BLOCK (line: 238, col: 40)
            NODE_ITER_STMT (line: 239, col: 14)
              INIT
                NODE_VAR_DECL (name: "b", type: "number", const: 0) (line: 239, col: 23)
                  INIT_EXPR
                    NODE_LITERAL (value: 0) (line: 239, col: 27)
              CONDITION
                NODE_BINARY_EXPR (op: <) (line: 239, col: 31)
                  NODE_IDENTIFIER (name: "b") (line: 239, col: 30)
                  NODE_LITERAL (value: 2) (line: 239, col: 34)
              INCREMENT
                NODE_ASSIGN_STMT (var: "b", op: +=) (line: 239, col: 37)
                  NODE_LITERAL (value: 1) (line: 239, col: 42)
              BODY
                NODE_BLOCK (line: 239, col: 44)
                  NODE_OUTPUT_STMT (line: 240, col: 16)
                    NODE_IDENTIFIER (name: "a") (line: 240, col: 18)
      NODE_ITER_STMT (line: 245, col: 10)
        INIT
          NODE_VAR_DECL (name: "m", type: "number", const: 0) (line: 245, col: 19)
            INIT_EXPR
              NODE_LITERAL (value: 0) (line: 245, col: 23)
        CONDITION
          NODE_BINARY_EXPR (op: <) (line: 245, col: 27)
            NODE_IDENTIFIER (name: "m") (line: 245, col: 26)
            NODE_LITERAL (value: 5) (line: 245, col: 30)
        INCREMENT
          NODE_ASSIGN_STMT (var: "m", op: +=) (line: 245, col: 33)
            NODE_LITERAL (value: 1) (line: 245, col: 38)
        BODY
          NODE_BLOCK (line: 245, col: 40)
            NODE_COND_STMT (line: 246, col: 10)
              CONDITION
                NODE_BINARY_EXPR (op: ==) (line: 246, col: 14)
                  NODE_IDENTIFIER (name: "m") (line: 246, col: 13)
                  NODE_LITERAL (value: 2) (line: 246, col: 18)
              THEN_BODY
                NODE_CONTINUE_STMT (line: 0, col: 0)
            NODE_COND_STMT (line: 247, col: 10)
              CONDITION
                NODE_BINARY_EXPR (op: ==) (line: 247, col: 14)
                  NODE_IDENTIFIER (name: "m") (line: 247, col: 13)
                  NODE_LITERAL (value: 4) (line: 247, col: 18)
              THEN_BODY
                NODE_STOP_STMT (line: 0, col: 0)
            NODE_OUTPUT_STMT (line: 248, col: 12)
              NODE_IDENTIFIER (name: "m") (line: 248, col: 14)
      NODE_BLOCK (line: 252, col: 4)
        NODE_VAR_DECL (name: "inner", type: "number", const: 0) (line: 253, col: 20)
          INIT_EXPR
            NODE_LITERAL (value: 10) (line: 253, col: 25)
        NODE_OUTPUT_STMT (line: 254, col: 12)
          NODE_IDENTIFIER (name: "inner") (line: 254, col: 18)
      NODE_OUTPUT_STMT (line: 258, col: 8)
        NODE_FUNC_CALL (func: "add", args: 2) (line: 258, col: 12)
          NODE_LITERAL (value: 2) (line: 258, col: 14)
          NODE_LITERAL (value: 3) (line: 258, col: 17)
      NODE_OUTPUT_STMT (line: 259, col: 8)
        NODE_FUNC_CALL (func: "square", args: 1) (line: 259, col: 15)
          NODE_LITERAL (value: 4) (line: 259, col: 17)
      NODE_OUTPUT_STMT (line: 260, col: 8)
        NODE_FUNC_CALL (func: "factorial", args: 1) (line: 260, col: 18)
          NODE_LITERAL (value: 5) (line: 260, col: 20)
      NODE_OUTPUT_STMT (line: 261, col: 8)
        NODE_FUNC_CALL (func: "sum3", args: 3) (line: 261, col: 13)
          NODE_LITERAL (value: 1) (line: 261, col: 15)
          NODE_LITERAL (value: 2) (line: 261, col: 18)
          NODE_LITERAL (value: 3) (line: 261, col: 21)
      NODE_OUTPUT_STMT (line: 263, col: 8)
        NODE_FUNC_CALL (func: "add", args: 2) (line: 263, col: 12)
          NODE_FUNC_CALL (func: "add", args: 2) (line: 263, col: 16)
            NODE_LITERAL (value: 1) (line: 263, col: 18)
            NODE_LITERAL (value: 2) (line: 263, col: 21)
          NODE_LITERAL (value: 3) (line: 263, col: 25)
      NODE_OUTPUT_STMT (line: 264, col: 8)
        NODE_FUNC_CALL (func: "square", args: 1) (line: 264, col: 15)
          NODE_FUNC_CALL (func: "add", args: 2) (line: 264, col: 19)
            NODE_LITERAL (value: 2) (line: 264, col: 21)
            NODE_LITERAL (value: 3) (line: 264, col: 24)
      NODE_VAR_DECL (name: "t", type: "number", const: 0) (line: 270, col: 12)
        INIT_EXPR
          NODE_LITERAL (value: 5) (line: 270, col: 16)
      NODE_OUTPUT_STMT (line: 271, col: 8)
        NODE_IDENTIFIER (name: "t") (line: 271, col: 10)
      NODE_ASSIGN_STMT (var: "t", op: +=) (line: 272, col: 5)
        NODE_LITERAL (value: 2) (line: 272, col: 10)
      NODE_COND_STMT (line: 273, col: 6)
        CONDITION
          NODE_BINARY_EXPR (op: >) (line: 273, col: 10)
            NODE_IDENTIFIER (name: "t") (line: 273, col: 9)
            NODE_LITERAL (value: 5) (line: 273, col: 13)
        THEN_BODY
          NODE_OUTPUT_STMT (line: 273, col: 19)
            NODE_IDENTIFIER (name: "t") (line: 273, col: 21)
      NODE_ITER_STMT (line: 274, col: 10)
        INIT
          NODE_VAR_DECL (name: "r", type: "number", const: 0) (line: 274, col: 19)
            INIT_EXPR
              NODE_LITERAL (value: 0) (line: 274, col: 23)
        CONDITION
          NODE_BINARY_EXPR (op: <) (line: 274, col: 27)
            NODE_IDENTIFIER (name: "r") (line: 274, col: 26)
            NODE_IDENTIFIER (name: "t") (line: 274, col: 30)
        INCREMENT
          NODE_ASSIGN_STMT (var: "r", op: +=) (line: 274, col: 33)
            NODE_LITERAL (value: 1) (line: 274, col: 38)
        BODY
          NODE_BLOCK (line: 274, col: 40)
            NODE_OUTPUT_STMT (line: 275, col: 12)
              NODE_IDENTIFIER (name: "r") (line: 275, col: 14)
